// Jest Snapshot v1, https://goo.gl/fbAQLP

exports[`SignInUser should match snapshot 1`] = `
ShallowWrapper {
  Symbol(enzyme.__root__): [Circular],
  Symbol(enzyme.__unrendered__): <SignInUser
    signIn={[MockFunction]}
  />,
  Symbol(enzyme.__renderer__): Object {
    "batchedUpdates": [Function],
    "checkPropTypes": [Function],
    "getNode": [Function],
    "render": [Function],
    "simulateError": [Function],
    "simulateEvent": [Function],
    "unmount": [Function],
  },
  Symbol(enzyme.__node__): Object {
    "instance": null,
    "key": undefined,
    "nodeType": "host",
    "props": Object {
      "children": Array [
        <input
          className="user-name"
          name="userName"
          onChange={[Function]}
          placeholder="Username"
          required={true}
          type="text"
          value=""
        />,
        <input
          className="user-password"
          name="password"
          onChange={[Function]}
          placeholder="Password"
          required={true}
          type="password"
          value=""
        />,
        <button
          className="sign-in-button"
          disabled={true}
        >
          Sign In
        </button>,
        <p>
          New User?
        </p>,
      ],
      "onSubmit": [Function],
    },
    "ref": null,
    "rendered": Array [
      Object {
        "instance": null,
        "key": undefined,
        "nodeType": "host",
        "props": Object {
          "className": "user-name",
          "name": "userName",
          "onChange": [Function],
          "placeholder": "Username",
          "required": true,
          "type": "text",
          "value": "",
        },
        "ref": null,
        "rendered": null,
        "type": "input",
      },
      Object {
        "instance": null,
        "key": undefined,
        "nodeType": "host",
        "props": Object {
          "className": "user-password",
          "name": "password",
          "onChange": [Function],
          "placeholder": "Password",
          "required": true,
          "type": "password",
          "value": "",
        },
        "ref": null,
        "rendered": null,
        "type": "input",
      },
      Object {
        "instance": null,
        "key": undefined,
        "nodeType": "host",
        "props": Object {
          "children": "Sign In",
          "className": "sign-in-button",
          "disabled": true,
        },
        "ref": null,
        "rendered": "Sign In",
        "type": "button",
      },
      Object {
        "instance": null,
        "key": undefined,
        "nodeType": "host",
        "props": Object {
          "children": "New User?",
        },
        "ref": null,
        "rendered": "New User?",
        "type": "p",
      },
    ],
    "type": "form",
  },
  Symbol(enzyme.__nodes__): Array [
    Object {
      "instance": null,
      "key": undefined,
      "nodeType": "host",
      "props": Object {
        "children": Array [
          <input
            className="user-name"
            name="userName"
            onChange={[Function]}
            placeholder="Username"
            required={true}
            type="text"
            value=""
          />,
          <input
            className="user-password"
            name="password"
            onChange={[Function]}
            placeholder="Password"
            required={true}
            type="password"
            value=""
          />,
          <button
            className="sign-in-button"
            disabled={true}
          >
            Sign In
          </button>,
          <p>
            New User?
          </p>,
        ],
        "onSubmit": [Function],
      },
      "ref": null,
      "rendered": Array [
        Object {
          "instance": null,
          "key": undefined,
          "nodeType": "host",
          "props": Object {
            "className": "user-name",
            "name": "userName",
            "onChange": [Function],
            "placeholder": "Username",
            "required": true,
            "type": "text",
            "value": "",
          },
          "ref": null,
          "rendered": null,
          "type": "input",
        },
        Object {
          "instance": null,
          "key": undefined,
          "nodeType": "host",
          "props": Object {
            "className": "user-password",
            "name": "password",
            "onChange": [Function],
            "placeholder": "Password",
            "required": true,
            "type": "password",
            "value": "",
          },
          "ref": null,
          "rendered": null,
          "type": "input",
        },
        Object {
          "instance": null,
          "key": undefined,
          "nodeType": "host",
          "props": Object {
            "children": "Sign In",
            "className": "sign-in-button",
            "disabled": true,
          },
          "ref": null,
          "rendered": "Sign In",
          "type": "button",
        },
        Object {
          "instance": null,
          "key": undefined,
          "nodeType": "host",
          "props": Object {
            "children": "New User?",
          },
          "ref": null,
          "rendered": "New User?",
          "type": "p",
        },
      ],
      "type": "form",
    },
  ],
  Symbol(enzyme.__options__): Object {
    "adapter": ReactSixteenAdapter {
      "options": Object {
        "enableComponentDidUpdateOnSetState": true,
        "legacyContextMode": "parent",
        "lifecycles": Object {
          "componentDidUpdate": Object {
            "onSetState": true,
          },
          "getChildContext": Object {
            "calledByRenderer": false,
          },
          "getDerivedStateFromProps": true,
          "getSnapshotBeforeUpdate": true,
          "setState": Object {
            "skipsComponentDidUpdateOnNullish": true,
          },
        },
      },
    },
  },
}
`;
